
> psicobio---triagem-inteligente@0.0.0 build
> vite build

[36mvite v6.4.1 [32mbuilding for production...[36m[39m
transforming...
[32mÔ£ô[39m 9 modules transformed.
npm : [31mÔ£ù[39m Build failed in 555ms
No linha:1 caractere:1
+ npm run build > build_output.txt 2>&1 ; 
Get-Content build_output.txt
+ ~~~~~~~~~~~~~~~~~~~~~~~~~~~~~~~~~~~~~
    + CategoryInfo          : NotSpecified: 
([31mÔ£ù    [39m Build failed in 555ms:String) [], 
RemoteExc    eption
    + FullyQualifiedErrorId : NativeCommandError
 
[31merror during build:
[31m[vite:css] [postcss] It looks like you're 
trying to use `tailwindcss` directly as a PostCSS 
plugin. The PostCSS plugin has moved to a separate 
package, so to continue using Tailwind CSS with 
PostCSS you'll need to install 
`@tailwindcss/postcss` and update your PostCSS 
configuration.[31m
file: [36mC:/Users/Gian/Desktop/Recep├º├úo express/t
emplates/template-biopremium-psicologia/src/index.css
:undefined:NaN[31m
    at at (C:\Users\Gian\Desktop\Recep├º├úo express\t
emplates\template-biopremium-psicologia\node_modules\
tailwindcss\dist\lib.js:38:1643)
    at LazyResult.runOnRoot 
(C:\Users\Gian\Desktop\Recep├º├úo express\templates\t
emplate-biopremium-psicologia\node_modules\postcss\li
b\lazy-result.js:361:16)
    at LazyResult.runAsync 
(C:\Users\Gian\Desktop\Recep├º├úo express\templates\t
emplate-biopremium-psicologia\node_modules\postcss\li
b\lazy-result.js:290:26)
    at LazyResult.async 
(C:\Users\Gian\Desktop\Recep├º├úo express\templates\t
emplate-biopremium-psicologia\node_modules\postcss\li
b\lazy-result.js:192:30)
    at LazyResult.then 
(C:\Users\Gian\Desktop\Recep├º├úo express\templates\t
emplate-biopremium-psicologia\node_modules\postcss\li
b\lazy-result.js:436:17)[39m
